// Jest Snapshot v1, https://goo.gl/fbAQLP

exports[`pruebas en <GifGrid /> debe de mostrar items cuando se cargan imagenes useFetchGifts 1`] = `
<Fragment>
  <h3
    className="animate__animated.animate__fadeIn"
  >
    luigi
  </h3>
  <p
    className="animate__animated.animate__flash"
  >
    Cargando
  </p>
  <div
    className="card-grid"
  />
</Fragment>
`;

exports[`pruebas en <GifGrid /> snapshot 1`] = `
<Fragment>
  <h3
    className="animate__animated.animate__fadeIn"
  >
    luigi
  </h3>
  <p
    className="animate__animated.animate__flash"
  >
    Cargando
  </p>
  <div
    className="card-grid"
  />
</Fragment>
`;
