// Jest Snapshot v1, https://goo.gl/fbAQLP

exports[`Pruebas en <GiftsGridItem /> Debe de mostrar el componente correctamente 1`] = `
<div
  className="card animate__animated.animate__flash"
>
  <img
    alt="A title"
    src="http://localhost/something.jpg"
  />
  <p>
    A title
  </p>
</div>
`;
